[demo.goodlayers.com/kingster/bachelor-of-science-in-business-administration/index.html]
[backblue.gif]
[fade.gif]
[index.html]
[a6e8z9v6.stackpathcdn.com/kingster/wp-content/cache/wpfc-minified/qhfkg17u/8bqjh.css]
[a6e8z9v6.stackpathcdn.com/kingster/wp-content/cache/wpfc-minified/q53pcy59/8bqjh.css]
[a6e8z9v6.stackpathcdn.com/kingster/wp-content/cache/wpfc-minified/2cwwm6ax/8bqjh.css]
[a6e8z9v6.stackpathcdn.com/kingster/wp-content/cache/wpfc-minified/e1phtqpt/8bqjh.css]
[a6e8z9v6.stackpathcdn.com/kingster/wp-content/cache/wpfc-minified/ko14bs0g/8bqjh.css]
[a6e8z9v6.stackpathcdn.com/kingster/wp-content/cache/wpfc-minified/mna03qls/8bqjh.js]
[a6e8z9v6.stackpathcdn.com/kingster/wp-content/cache/wpfc-minified/lwklx7k3/8bqjh.js]
[a6e8z9v6.stackpathcdn.com/kingster/wp-content/themes/kingster/images/logo.png]
[a6e8z9v6.stackpathcdn.com/kingster/wp-content/uploads/2018/08/mega-menu-bg.jpg]
[a6e8z9v6.stackpathcdn.com/kingster/wp-content/uploads/2018/08/mega-menu-logo.png]
[a6e8z9v6.stackpathcdn.com/kingster/wp-content/uploads/2018/08/shutterstock_59887279.jpg]
[demo.goodlayers.com/kingster/bachelor-of-science-in-business-administration/finance/index.html]
[a6e8z9v6.stackpathcdn.com/kingster/wp-content/uploads/2018/08/shutterstock_209187682.jpg]
[demo.goodlayers.com/kingster/bachelor-of-science-in-business-administration/finance/finance-faculty/index.html]
[a6e8z9v6.stackpathcdn.com/kingster/wp-content/uploads/2018/08/major-bg-2.jpg]
[demo.goodlayers.com/kingster/bachelor-of-science-in-business-administration/accounting/index.html]
[a6e8z9v6.stackpathcdn.com/kingster/wp-content/uploads/2018/08/support-image-3.jpg]
[a6e8z9v6.stackpathcdn.com/kingster/wp-content/uploads/2018/08/tab-1-1.jpg]
[a6e8z9v6.stackpathcdn.com/kingster/wp-content/uploads/2018/08/tab-2.jpg]
[a6e8z9v6.stackpathcdn.com/kingster/wp-content/cache/wpfc-minified/evmt9o0/8bqjh.js]
[a6e8z9v6.stackpathcdn.com/kingster/wp-content/uploads/2018/08/tab-3.jpg]
[a6e8z9v6.stackpathcdn.com/kingster/wp-content/uploads/2018/08/tab-4.jpg]
[a6e8z9v6.stackpathcdn.com/kingster/wp-content/uploads/2018/08/tab-bg.png]
[a6e8z9v6.stackpathcdn.com/kingster/wp-content/uploads/2018/08/shutterstock_183400235-700x450.jpg]
[a6e8z9v6.stackpathcdn.com/kingster/wp-content/uploads/2018/08/footer-logo.png]
[demo.goodlayers.com/cdn-cgi/scripts/5c5dd728/cloudflare-static/email-decode.min.js]
[a6e8z9v6.stackpathcdn.com/kingster/wp-content/cache/wpfc-minified/32o7rjzg/8bqjh.css]
[a6e8z9v6.stackpathcdn.com/kingster/wp-includes/js/dist/vendor/regenerator-runtime.minb36a.js]
[a6e8z9v6.stackpathcdn.com/kingster/wp-content/plugins/contact-form-7/includes/js/index4245.js]
[a6e8z9v6.stackpathcdn.com/kingster/wp-includes/js/dist/vendor/wp-polyfill.min2c7c.js]
[a6e8z9v6.stackpathcdn.com/kingster/wp-content/plugins/goodlayers-core/include/js/page-builderd36b.js]
[a6e8z9v6.stackpathcdn.com/kingster/wp-content/plugins/woocommerce/assets/js/jquery-blockui/jquery.blockUI.minb106.js]
[a6e8z9v6.stackpathcdn.com/kingster/wp-content/plugins/woocommerce/assets/js/frontend/add-to-cart.min3e35.js]
[a6e8z9v6.stackpathcdn.com/kingster/wp-content/plugins/woocommerce/assets/js/js-cookie/js.cookie.min64be.js]
[a6e8z9v6.stackpathcdn.com/kingster/wp-content/plugins/woocommerce/assets/js/frontend/woocommerce.min3e35.js]
[a6e8z9v6.stackpathcdn.com/kingster/wp-content/plugins/woocommerce/assets/js/frontend/cart-fragments.min3e35.js]
[a6e8z9v6.stackpathcdn.com/kingster/wp-includes/js/jquery/ui/effect.min35d0.js]
[a6e8z9v6.stackpathcdn.com/kingster/wp-content/plugins/wp-google-map-plugin/assets/js/maps531b.js]
[a6e8z9v6.stackpathcdn.com/kingster/wp-includes/js/wp-embed.minf658.js]
[a6e8z9v6.stackpathcdn.com/kingster/wp-content/themes/kingster/js/script-core8a54.js]
[demo.goodlayers.com/kingster/bachelor-of-science-in-business-administration/index.html]
[a6e8z9v6.stackpathcdn.com/kingster/wp-content/cache/wpfc-minified/qhfkg17u/8bqjh.css]
[a6e8z9v6.stackpathcdn.com/kingster/wp-content/cache/wpfc-minified/q53pcy59/8bqjh.css]
[a6e8z9v6.stackpathcdn.com/kingster/wp-content/cache/wpfc-minified/2cwwm6ax/8bqjh.css]
[a6e8z9v6.stackpathcdn.com/kingster/wp-content/cache/wpfc-minified/e1phtqpt/8bqjh.css]
[static.cloudflareinsights.com/beacon.min.js]
[a6e8z9v6.stackpathcdn.com/kingster/wp-content/plugins/wp-google-map-plugin/assets/images/white_select_arrow.png]
[a6e8z9v6.stackpathcdn.com/kingster/wp-content/plugins/goodlayers-core/include/images/pattern/pattern-1.png]
[a6e8z9v6.stackpathcdn.com/kingster/wp-content/uploads/2018/08/page-title.jpg]
[a6e8z9v6.stackpathcdn.com/kingster/wp-content/plugins/goodlayers-core/plugins/script7cc1.js]
[a6e8z9v6.stackpathcdn.com/kingster/wp-content/cache/wpfc-minified/ko14bs0g/8bqjh.css]
[a6e8z9v6.stackpathcdn.com/kingster/wp-content/uploads/2016/06/shutterstock_361397258.jpg]
[a6e8z9v6.stackpathcdn.com/kingster/wp-content/uploads/2018/08/shutterstock_447921760-1000x365.jpg]
[demo.goodlayers.com/kingster/bachelor-of-science-in-business-administration/finance/index.html]
[a6e8z9v6.stackpathcdn.com/kingster/wp-content/uploads/2018/08/personnel-1-500x500.jpg]
[a6e8z9v6.stackpathcdn.com/kingster/wp-content/uploads/2018/08/personnel-2-500x500.jpg]
[a6e8z9v6.stackpathcdn.com/kingster/wp-content/uploads/2018/08/personnel-3-500x500.jpg]
[a6e8z9v6.stackpathcdn.com/kingster/wp-content/uploads/2018/08/personnel-4-500x500.jpg]
[a6e8z9v6.stackpathcdn.com/kingster/wp-content/uploads/2018/08/personnel-5-500x500.jpg]
[a6e8z9v6.stackpathcdn.com/kingster/wp-content/uploads/2018/08/personnel-6-500x500.jpg]
[a6e8z9v6.stackpathcdn.com/kingster/wp-content/uploads/2018/08/personnel-7-500x500.jpg]
[a6e8z9v6.stackpathcdn.com/kingster/wp-content/uploads/2018/08/shutterstock_361957010-500x500.jpg]
[demo.goodlayers.com/kingster/bachelor-of-science-in-business-administration/finance/finance-faculty/index.html]
[a6e8z9v6.stackpathcdn.com/kingster/wp-content/uploads/2018/08/shutterstock_59887279.jpg]
[a6e8z9v6.stackpathcdn.com/kingster/wp-content/uploads/2018/08/shutterstock_378626257.jpg]
[demo.goodlayers.com/kingster/bachelor-of-science-in-business-administration/accounting/index.html]
[a6e8z9v6.stackpathcdn.com/kingster/wp-content/uploads/2018/08/accounting.jpg]
[demo.goodlayers.com/kingster/bachelor-of-science-in-business-administration/accounting/accounting-faculty/index.html]
[a6e8z9v6.stackpathcdn.com/kingster/wp-content/cache/wpfc-minified/32o7rjzg/8bqjh.css]
[demo.goodlayers.com/kingster/bachelor-of-science-in-business-administration/accounting/accounting-faculty/index.html]
